Vercel CLI 50.1.3
Retrieving project…
Deploying gary-lomi-lomicos-projects/00-ulm
Uploading [--------------------] (0.0B/405.2KB)
Uploading [=====---------------] (109.3KB/405.2KB)
Uploading [==========----------] (207.0KB/405.2KB)
Uploading [===============-----] (319.9KB/405.2KB)
Uploading [====================] (405.2KB/405.2KB)
Inspect: https://vercel.com/gary-lomi-lomicos-projects/00-ulm/2cdTZfCq71xqyLghiHoRk4yJr44q [5s]
Production: https://00-oh8qshs9c-gary-lomi-lomicos-projects.vercel.app [5s]
https://00-oh8qshs9c-gary-lomi-lomicos-projects.vercel.appBuilding...
Building: Running build in Washington, D.C., USA (East) – iad1
Building: Build machine configuration: 2 cores, 8 GB
Building: Retrieving list of deployment files...
Building: Skipping build cache, deployment was triggered without cache.
Building: Downloading 387 deployment files...
Building: Running "vercel build"
Building: (node:18) [DEP0040] DeprecationWarning: The `punycode` module is deprecated. Please use a userland alternative instead.
Building: (Use `node --trace-deprecation ...` to show where the warning was created)
Building: Vercel CLI 53.3.2
Building: Running "install" command: `npm install`...
Building: npm warn deprecated node-domexception@1.0.0: Use your platform's native DOMException instead
Building: npm warn deprecated node-domexception@1.0.0: Use your platform's native DOMException instead
Building: added 483 packages, and audited 484 packages in 14s
Building: 157 packages are looking for funding
Building: run `npm fund` for details
Building: found 0 vulnerabilities
Building: Detected Next.js version: 16.2.6
Building: Running "npm run build"
Building: > zero-zero@0.1.0 build
Building: > node scripts/build-with-manifest-fix.js
Building: Running next build...
Building: Applying modifyConfig from Vercel
Building: Attention: Next.js now collects completely anonymous telemetry regarding usage.
Building: This information is used to shape Next.js' roadmap and prioritize features.
Building: You can learn more, including how to opt-out if you'd not like to participate in this anonymous program, by visiting the following URL:
Building: https://nextjs.org/telemetry
Building: ▲ Next.js 16.2.6 (webpack)
Building: - Environments: .env.production
Building: Creating an optimized production build ...
Building: ✓ Compiled successfully in 24.1s
Building: Running TypeScript ...
Building: Finished TypeScript in 11.8s ...
Building: Collecting page data using 1 worker ...
Building: Generating static pages using 1 worker (0/30) ...
Building: Generating static pages using 1 worker (7/30)
Building: Generating static pages using 1 worker (14/30)
Building: Generating static pages using 1 worker (22/30)
Building: ✓ Generating static pages using 1 worker (30/30) in 1156ms
Building: Finalizing page optimization ...
Building: Collecting build traces ...
Building: Running onBuildComplete from Vercel
Building: Detected .env file, it is strongly recommended to use Vercel's env handling instead
Building: Route (app)
Building: ┌ ○ /
Building: ├ ○ /_not-found
Building: ├ ○ /admin/pulse
Building: ├ ƒ /api/actioned
Building: ├ ƒ /api/admin/pulse
Building: ├ ƒ /api/agents/pulse
Building: ├ ƒ /api/analytics
Building: ├ ƒ /api/analytics/click
Building: ├ ƒ /api/answers
Building: ├ ƒ /api/auth/login
Building: ├ ƒ /api/auth/logout
Building: ├ ƒ /api/auth/me
Building: ├ ƒ /api/auth/signup
Building: ├ ƒ /api/brain
Building: ├ ƒ /api/cards
Building: ├ ƒ /api/cron/zone-research
Building: ├ ƒ /api/discovery/pulse
Building: ├ ƒ /api/geocode
Building: ├ ƒ /api/health
Building: ├ ƒ /api/health/diagnostics
Building: ├ ƒ /api/journey
Building: ├ ƒ /api/likes
Building: ├ ƒ /api/local-intelligence
Building: ├ ƒ /api/local-offers
Building: ├ ƒ /api/marketing-email
Building: ├ ƒ /api/memory/flush
Building: ├ ƒ /api/profile/mobile
Building: ├ ƒ /api/pulse/living
Building: ├ ƒ /api/research/question-card
Building: ├ ƒ /api/reset
Building: ├ ƒ /api/scrape-sync
Building: ├ ƒ /api/sentinel
Building: ├ ƒ /api/session-state
Building: ├ ƒ /api/solo-focus/audit-complete
Building: ├ ƒ /api/sso/activity/[activityId]/delete
Building: ├ ƒ /api/sso/activity/[activityId]/visibility/activate
Building: ├ ƒ /api/sso/activity/[activityId]/visibility/archive
Building: ├ ƒ /api/sso/activity/[activityId]/visibility/chronicle-hide
Building: ├ ƒ /api/summary
Building: ├ ƒ /api/user
Building: ├ ƒ /api/zai
Building: ├ ƒ /api/zone/content-architect
Building: ├ ƒ /api/zone/generate-next
Building: ├ ƒ /api/zone/injections
Building: ├ ƒ /api/zone/tips-inject
Building: ├ ƒ /api/zone/tips-refresh
Building: ├ ○ /icon.svg
Building: ├ ○ /intro
Building: ├ ○ /likes
Building: ├ ○ /profile
Building: ├ ○ /profile/summary
Building: ├ ○ /robots.txt
Building: ├ ○ /settings
Building: ├ ○ /sitemap.xml
Building: ├ ○ /zai
Building: └ ○ /zone
Building: Route (pages)
Building: ─   /_app
Building: ƒ Proxy (Middleware)
Building: ○  (Static)   prerendered as static content
Building: ƒ  (Dynamic)  server-rendered on demand
Building: Build complete. Output in .next
Building: Build Completed in /vercel/output [1m]
Building: Deploying outputs...
Building: Deployment completed
Building: Creating build cache...
[2K[1A[2K[GProduction: https://00-oh8qshs9c-gary-lomi-lomicos-projects.vercel.app [3m]
Completing...
